Analysis & Synthesis report for led_shift
Wed Nov 04 06:00:02 2015
Quartus II 64-Bit Version 12.1 Build 177 11/07/2012 SJ Web Edition


---------------------
; Table of Contents ;
---------------------
  1. Legal Notice
  2. Analysis & Synthesis Summary
  3. Analysis & Synthesis Settings
  4. Parallel Compilation
  5. Analysis & Synthesis Source Files Read
  6. Analysis & Synthesis Resource Usage Summary
  7. Analysis & Synthesis Resource Utilization by Entity
  8. Analysis & Synthesis IP Cores Summary
  9. State Machine - |Block1|lcd_controler:inst|next_command
 10. State Machine - |Block1|lcd_controler:inst|state
 11. Registers Removed During Synthesis
 12. General Register Statistics
 13. Inverted Register Statistics
 14. Multiplexer Restructuring Statistics (Restructuring Performed)
 15. Parameter Settings for User Entity Instance: case_display_top:inst2
 16. Parameter Settings for User Entity Instance: lpm_counter0:inst1|lpm_counter:LPM_COUNTER_component
 17. Parameter Settings for User Entity Instance: lcd_controler:inst
 18. Port Connectivity Checks: "adder_4bit:inst4|full_adder:U1"
 19. Elapsed Time Per Partition
 20. Analysis & Synthesis Messages



----------------
; Legal Notice ;
----------------
Copyright (C) 1991-2012 Altera Corporation
Your use of Altera Corporation's design tools, logic functions 
and other software and tools, and its AMPP partner logic 
functions, and any output files from any of the foregoing 
(including device programming or simulation files), and any 
associated documentation or information are expressly subject 
to the terms and conditions of the Altera Program License 
Subscription Agreement, Altera MegaCore Function License 
Agreement, or other applicable license agreement, including, 
without limitation, that your use is for the sole purpose of 
programming logic devices manufactured by Altera and sold by 
Altera or its authorized distributors.  Please refer to the 
applicable agreement for further details.



+-------------------------------------------------------------------------------+
; Analysis & Synthesis Summary                                                  ;
+------------------------------------+------------------------------------------+
; Analysis & Synthesis Status        ; Successful - Wed Nov 04 06:00:02 2015    ;
; Quartus II 64-Bit Version          ; 12.1 Build 177 11/07/2012 SJ Web Edition ;
; Revision Name                      ; led_shift                                ;
; Top-level Entity Name              ; Block1                                   ;
; Family                             ; Cyclone IV GX                            ;
; Total logic elements               ; 341                                      ;
;     Total combinational functions  ; 339                                      ;
;     Dedicated logic registers      ; 91                                       ;
; Total registers                    ; 91                                       ;
; Total pins                         ; 86                                       ;
; Total virtual pins                 ; 0                                        ;
; Total memory bits                  ; 0                                        ;
; Embedded Multiplier 9-bit elements ; 0                                        ;
; Total GXB Receiver Channel PCS     ; 0                                        ;
; Total GXB Receiver Channel PMA     ; 0                                        ;
; Total GXB Transmitter Channel PCS  ; 0                                        ;
; Total GXB Transmitter Channel PMA  ; 0                                        ;
; Total PLLs                         ; 0                                        ;
+------------------------------------+------------------------------------------+


+----------------------------------------------------------------------------------------------------------------------+
; Analysis & Synthesis Settings                                                                                        ;
+----------------------------------------------------------------------------+--------------------+--------------------+
; Option                                                                     ; Setting            ; Default Value      ;
+----------------------------------------------------------------------------+--------------------+--------------------+
; Device                                                                     ; EP4CGX150DF31C7    ;                    ;
; Top-level entity name                                                      ; Block1             ; led_shift          ;
; Family name                                                                ; Cyclone IV GX      ; Cyclone IV GX      ;
; Use smart compilation                                                      ; Off                ; Off                ;
; Enable parallel Assembler and TimeQuest Timing Analyzer during compilation ; On                 ; On                 ;
; Enable compact report table                                                ; Off                ; Off                ;
; Restructure Multiplexers                                                   ; Auto               ; Auto               ;
; Create Debugging Nodes for IP Cores                                        ; Off                ; Off                ;
; Preserve fewer node names                                                  ; On                 ; On                 ;
; Disable OpenCore Plus hardware evaluation                                  ; Off                ; Off                ;
; Verilog Version                                                            ; Verilog_2001       ; Verilog_2001       ;
; VHDL Version                                                               ; VHDL_1993          ; VHDL_1993          ;
; State Machine Processing                                                   ; Auto               ; Auto               ;
; Safe State Machine                                                         ; Off                ; Off                ;
; Extract Verilog State Machines                                             ; On                 ; On                 ;
; Extract VHDL State Machines                                                ; On                 ; On                 ;
; Ignore Verilog initial constructs                                          ; Off                ; Off                ;
; Iteration limit for constant Verilog loops                                 ; 5000               ; 5000               ;
; Iteration limit for non-constant Verilog loops                             ; 250                ; 250                ;
; Add Pass-Through Logic to Inferred RAMs                                    ; On                 ; On                 ;
; Infer RAMs from Raw Logic                                                  ; On                 ; On                 ;
; Parallel Synthesis                                                         ; On                 ; On                 ;
; DSP Block Balancing                                                        ; Auto               ; Auto               ;
; NOT Gate Push-Back                                                         ; On                 ; On                 ;
; Power-Up Don't Care                                                        ; On                 ; On                 ;
; Remove Redundant Logic Cells                                               ; Off                ; Off                ;
; Remove Duplicate Registers                                                 ; On                 ; On                 ;
; Ignore CARRY Buffers                                                       ; Off                ; Off                ;
; Ignore CASCADE Buffers                                                     ; Off                ; Off                ;
; Ignore GLOBAL Buffers                                                      ; Off                ; Off                ;
; Ignore ROW GLOBAL Buffers                                                  ; Off                ; Off                ;
; Ignore LCELL Buffers                                                       ; Off                ; Off                ;
; Ignore SOFT Buffers                                                        ; On                 ; On                 ;
; Limit AHDL Integers to 32 Bits                                             ; Off                ; Off                ;
; Optimization Technique                                                     ; Balanced           ; Balanced           ;
; Carry Chain Length                                                         ; 70                 ; 70                 ;
; Auto Carry Chains                                                          ; On                 ; On                 ;
; Auto Open-Drain Pins                                                       ; On                 ; On                 ;
; Perform WYSIWYG Primitive Resynthesis                                      ; Off                ; Off                ;
; Auto ROM Replacement                                                       ; On                 ; On                 ;
; Auto RAM Replacement                                                       ; On                 ; On                 ;
; Auto DSP Block Replacement                                                 ; On                 ; On                 ;
; Auto Shift Register Replacement                                            ; Auto               ; Auto               ;
; Allow Shift Register Merging across Hierarchies                            ; Auto               ; Auto               ;
; Auto Clock Enable Replacement                                              ; On                 ; On                 ;
; Strict RAM Replacement                                                     ; Off                ; Off                ;
; Allow Synchronous Control Signals                                          ; On                 ; On                 ;
; Force Use of Synchronous Clear Signals                                     ; Off                ; Off                ;
; Auto RAM Block Balancing                                                   ; On                 ; On                 ;
; Auto RAM to Logic Cell Conversion                                          ; Off                ; Off                ;
; Auto Resource Sharing                                                      ; Off                ; Off                ;
; Allow Any RAM Size For Recognition                                         ; Off                ; Off                ;
; Allow Any ROM Size For Recognition                                         ; Off                ; Off                ;
; Allow Any Shift Register Size For Recognition                              ; Off                ; Off                ;
; Use LogicLock Constraints during Resource Balancing                        ; On                 ; On                 ;
; Ignore translate_off and synthesis_off directives                          ; Off                ; Off                ;
; Timing-Driven Synthesis                                                    ; On                 ; On                 ;
; Report Parameter Settings                                                  ; On                 ; On                 ;
; Report Source Assignments                                                  ; On                 ; On                 ;
; Report Connectivity Checks                                                 ; On                 ; On                 ;
; Ignore Maximum Fan-Out Assignments                                         ; Off                ; Off                ;
; Synchronization Register Chain Length                                      ; 2                  ; 2                  ;
; PowerPlay Power Optimization                                               ; Normal compilation ; Normal compilation ;
; HDL message level                                                          ; Level2             ; Level2             ;
; Suppress Register Optimization Related Messages                            ; Off                ; Off                ;
; Number of Removed Registers Reported in Synthesis Report                   ; 5000               ; 5000               ;
; Number of Swept Nodes Reported in Synthesis Report                         ; 5000               ; 5000               ;
; Number of Inverted Registers Reported in Synthesis Report                  ; 100                ; 100                ;
; Clock MUX Protection                                                       ; On                 ; On                 ;
; Auto Gated Clock Conversion                                                ; Off                ; Off                ;
; Block Design Naming                                                        ; Auto               ; Auto               ;
; SDC constraint protection                                                  ; Off                ; Off                ;
; Synthesis Effort                                                           ; Auto               ; Auto               ;
; Shift Register Replacement - Allow Asynchronous Clear Signal               ; On                 ; On                 ;
; Pre-Mapping Resynthesis Optimization                                       ; Off                ; Off                ;
; Analysis & Synthesis Message Level                                         ; Medium             ; Medium             ;
; Disable Register Merging Across Hierarchies                                ; Auto               ; Auto               ;
; Resource Aware Inference For Block RAM                                     ; On                 ; On                 ;
; Synthesis Seed                                                             ; 1                  ; 1                  ;
+----------------------------------------------------------------------------+--------------------+--------------------+


+------------------------------------------+
; Parallel Compilation                     ;
+----------------------------+-------------+
; Processors                 ; Number      ;
+----------------------------+-------------+
; Number detected on machine ; 4           ;
; Maximum allowed            ; 2           ;
;                            ;             ;
; Average used               ; 1.00        ;
; Maximum used               ; 1           ;
;                            ;             ;
; Usage by Processor         ; % Time Used ;
;     1 processor            ; 100.0%      ;
;     2-4 processors         ;   0.0%      ;
+----------------------------+-------------+


+----------------------------------------------------------------------------------------------------------------------------------------------------------------------------------+
; Analysis & Synthesis Source Files Read                                                                                                                                           ;
+----------------------------------+-----------------+------------------------------------+------------------------------------------------------------------------------+---------+
; File Name with User-Entered Path ; Used in Netlist ; File Type                          ; File Name with Absolute Path                                                 ; Library ;
+----------------------------------+-----------------+------------------------------------+------------------------------------------------------------------------------+---------+
; decoder.vhd                      ; yes             ; User VHDL File                     ; D:/OneDrive/STUDY/code project/FPGA/led_shift/decoder.vhd                    ;         ;
; led_shift.vhd                    ; yes             ; User VHDL File                     ; D:/OneDrive/STUDY/code project/FPGA/led_shift/led_shift.vhd                  ;         ;
; lpm_counter0.vhd                 ; yes             ; User Wizard-Generated File         ; D:/OneDrive/STUDY/code project/FPGA/led_shift/lpm_counter0.vhd               ;         ;
; Block1.bdf                       ; yes             ; User Block Diagram/Schematic File  ; D:/OneDrive/STUDY/code project/FPGA/led_shift/Block1.bdf                     ;         ;
; output_files/lcd_controler.vhd   ; yes             ; User VHDL File                     ; D:/OneDrive/STUDY/code project/FPGA/led_shift/output_files/lcd_controler.vhd ;         ;
; half_adder.vhd                   ; yes             ; User VHDL File                     ; D:/OneDrive/STUDY/code project/FPGA/led_shift/half_adder.vhd                 ;         ;
; full_adder.vhd                   ; yes             ; User VHDL File                     ; D:/OneDrive/STUDY/code project/FPGA/led_shift/full_adder.vhd                 ;         ;
; adder_4bit.vhd                   ; yes             ; User VHDL File                     ; D:/OneDrive/STUDY/code project/FPGA/led_shift/adder_4bit.vhd                 ;         ;
; D2B_5bit.vhd                     ; yes             ; User VHDL File                     ; D:/OneDrive/STUDY/code project/FPGA/led_shift/D2B_5bit.vhd                   ;         ;
; lpm_counter.tdf                  ; yes             ; Megafunction                       ; c:/altera/12.1/quartus/libraries/megafunctions/lpm_counter.tdf               ;         ;
; lpm_constant.inc                 ; yes             ; Megafunction                       ; c:/altera/12.1/quartus/libraries/megafunctions/lpm_constant.inc              ;         ;
; lpm_decode.inc                   ; yes             ; Megafunction                       ; c:/altera/12.1/quartus/libraries/megafunctions/lpm_decode.inc                ;         ;
; lpm_add_sub.inc                  ; yes             ; Megafunction                       ; c:/altera/12.1/quartus/libraries/megafunctions/lpm_add_sub.inc               ;         ;
; cmpconst.inc                     ; yes             ; Megafunction                       ; c:/altera/12.1/quartus/libraries/megafunctions/cmpconst.inc                  ;         ;
; lpm_compare.inc                  ; yes             ; Megafunction                       ; c:/altera/12.1/quartus/libraries/megafunctions/lpm_compare.inc               ;         ;
; lpm_counter.inc                  ; yes             ; Megafunction                       ; c:/altera/12.1/quartus/libraries/megafunctions/lpm_counter.inc               ;         ;
; dffeea.inc                       ; yes             ; Megafunction                       ; c:/altera/12.1/quartus/libraries/megafunctions/dffeea.inc                    ;         ;
; alt_counter_stratix.inc          ; yes             ; Megafunction                       ; c:/altera/12.1/quartus/libraries/megafunctions/alt_counter_stratix.inc       ;         ;
; aglobal121.inc                   ; yes             ; Megafunction                       ; c:/altera/12.1/quartus/libraries/megafunctions/aglobal121.inc                ;         ;
; db/cntr_ajj.tdf                  ; yes             ; Auto-Generated Megafunction        ; D:/OneDrive/STUDY/code project/FPGA/led_shift/db/cntr_ajj.tdf                ;         ;
; db/cmpr_8mc.tdf                  ; yes             ; Auto-Generated Megafunction        ; D:/OneDrive/STUDY/code project/FPGA/led_shift/db/cmpr_8mc.tdf                ;         ;
+----------------------------------+-----------------+------------------------------------+------------------------------------------------------------------------------+---------+


+---------------------------------------------+
; Analysis & Synthesis Resource Usage Summary ;
+--------------------------+------------------+
; Resource                 ; Usage            ;
+--------------------------+------------------+
; I/O pins                 ; 86               ;
; DSP block 9-bit elements ; 0                ;
; Maximum fan-out          ; 59               ;
; Total fan-out            ; 1609             ;
; Average fan-out          ; 2.67             ;
+--------------------------+------------------+


+----------------------------------------------------------------------------------------------------------------------------------------------------------------------------------------------------------------------------------------------------------------------------------------+
; Analysis & Synthesis Resource Utilization by Entity                                                                                                                                                                                                                                    ;
+-------------------------------------------+-------------------+--------------+-------------+--------------+---------+-----------+-----------+------+--------------+-----------------------------------------------------------------------------------------------------+--------------+
; Compilation Hierarchy Node                ; LC Combinationals ; LC Registers ; Memory Bits ; DSP Elements ; DSP 9x9 ; DSP 18x18 ; DSP 36x36 ; Pins ; Virtual Pins ; Full Hierarchy Name                                                                                 ; Library Name ;
+-------------------------------------------+-------------------+--------------+-------------+--------------+---------+-----------+-----------+------+--------------+-----------------------------------------------------------------------------------------------------+--------------+
; |Block1                                   ; 339 (1)           ; 91 (0)       ; 0           ; 0            ; 0       ; 0         ; 0         ; 86   ; 0            ; |Block1                                                                                             ;              ;
;    |D2B_5bit:inst13|                      ; 14 (14)           ; 0 (0)        ; 0           ; 0            ; 0       ; 0         ; 0         ; 0    ; 0            ; |Block1|D2B_5bit:inst13                                                                             ;              ;
;    |D2B_5bit:inst16|                      ; 2 (2)             ; 0 (0)        ; 0           ; 0            ; 0       ; 0         ; 0         ; 0    ; 0            ; |Block1|D2B_5bit:inst16                                                                             ;              ;
;    |D2B_5bit:inst17|                      ; 1 (1)             ; 0 (0)        ; 0           ; 0            ; 0       ; 0         ; 0         ; 0    ; 0            ; |Block1|D2B_5bit:inst17                                                                             ;              ;
;    |adder_4bit:inst4|                     ; 8 (0)             ; 0 (0)        ; 0           ; 0            ; 0       ; 0         ; 0         ; 0    ; 0            ; |Block1|adder_4bit:inst4                                                                            ;              ;
;       |full_adder:U1|                     ; 1 (0)             ; 0 (0)        ; 0           ; 0            ; 0       ; 0         ; 0         ; 0    ; 0            ; |Block1|adder_4bit:inst4|full_adder:U1                                                              ;              ;
;          |half_adder:U1|                  ; 1 (1)             ; 0 (0)        ; 0           ; 0            ; 0       ; 0         ; 0         ; 0    ; 0            ; |Block1|adder_4bit:inst4|full_adder:U1|half_adder:U1                                                ;              ;
;       |full_adder:U2|                     ; 2 (1)             ; 0 (0)        ; 0           ; 0            ; 0       ; 0         ; 0         ; 0    ; 0            ; |Block1|adder_4bit:inst4|full_adder:U2                                                              ;              ;
;          |half_adder:U2|                  ; 1 (1)             ; 0 (0)        ; 0           ; 0            ; 0       ; 0         ; 0         ; 0    ; 0            ; |Block1|adder_4bit:inst4|full_adder:U2|half_adder:U2                                                ;              ;
;       |full_adder:U3|                     ; 2 (1)             ; 0 (0)        ; 0           ; 0            ; 0       ; 0         ; 0         ; 0    ; 0            ; |Block1|adder_4bit:inst4|full_adder:U3                                                              ;              ;
;          |half_adder:U2|                  ; 1 (1)             ; 0 (0)        ; 0           ; 0            ; 0       ; 0         ; 0         ; 0    ; 0            ; |Block1|adder_4bit:inst4|full_adder:U3|half_adder:U2                                                ;              ;
;       |full_adder:U4|                     ; 3 (1)             ; 0 (0)        ; 0           ; 0            ; 0       ; 0         ; 0         ; 0    ; 0            ; |Block1|adder_4bit:inst4|full_adder:U4                                                              ;              ;
;          |half_adder:U2|                  ; 2 (2)             ; 0 (0)        ; 0           ; 0            ; 0       ; 0         ; 0         ; 0    ; 0            ; |Block1|adder_4bit:inst4|full_adder:U4|half_adder:U2                                                ;              ;
;    |case_display_top:inst2|               ; 88 (88)           ; 6 (6)        ; 0           ; 0            ; 0       ; 0         ; 0         ; 0    ; 0            ; |Block1|case_display_top:inst2                                                                      ;              ;
;    |decoder7seg:inst15|                   ; 1 (1)             ; 0 (0)        ; 0           ; 0            ; 0       ; 0         ; 0         ; 0    ; 0            ; |Block1|decoder7seg:inst15                                                                          ;              ;
;    |decoder7seg:inst3|                    ; 7 (7)             ; 0 (0)        ; 0           ; 0            ; 0       ; 0         ; 0         ; 0    ; 0            ; |Block1|decoder7seg:inst3                                                                           ;              ;
;    |decoder7seg:inst5|                    ; 7 (7)             ; 0 (0)        ; 0           ; 0            ; 0       ; 0         ; 0         ; 0    ; 0            ; |Block1|decoder7seg:inst5                                                                           ;              ;
;    |decoder7seg:inst6|                    ; 2 (2)             ; 0 (0)        ; 0           ; 0            ; 0       ; 0         ; 0         ; 0    ; 0            ; |Block1|decoder7seg:inst6                                                                           ;              ;
;    |decoder7seg:inst7|                    ; 7 (7)             ; 0 (0)        ; 0           ; 0            ; 0       ; 0         ; 0         ; 0    ; 0            ; |Block1|decoder7seg:inst7                                                                           ;              ;
;    |lcd_controler:inst|                   ; 165 (165)         ; 59 (59)      ; 0           ; 0            ; 0       ; 0         ; 0         ; 0    ; 0            ; |Block1|lcd_controler:inst                                                                          ;              ;
;    |lpm_counter0:inst1|                   ; 36 (0)            ; 26 (0)       ; 0           ; 0            ; 0       ; 0         ; 0         ; 0    ; 0            ; |Block1|lpm_counter0:inst1                                                                          ;              ;
;       |lpm_counter:LPM_COUNTER_component| ; 36 (0)            ; 26 (0)       ; 0           ; 0            ; 0       ; 0         ; 0         ; 0    ; 0            ; |Block1|lpm_counter0:inst1|lpm_counter:LPM_COUNTER_component                                        ;              ;
;          |cntr_ajj:auto_generated|        ; 36 (28)           ; 26 (26)      ; 0           ; 0            ; 0       ; 0         ; 0         ; 0    ; 0            ; |Block1|lpm_counter0:inst1|lpm_counter:LPM_COUNTER_component|cntr_ajj:auto_generated                ;              ;
;             |cmpr_8mc:cmpr1|              ; 8 (8)             ; 0 (0)        ; 0           ; 0            ; 0       ; 0         ; 0         ; 0    ; 0            ; |Block1|lpm_counter0:inst1|lpm_counter:LPM_COUNTER_component|cntr_ajj:auto_generated|cmpr_8mc:cmpr1 ;              ;
+-------------------------------------------+-------------------+--------------+-------------+--------------+---------+-----------+-----------+------+--------------+-----------------------------------------------------------------------------------------------------+--------------+
Note: For table entries with two numbers listed, the numbers in parentheses indicate the number of resources of the given type used by the specific entity alone. The numbers listed outside of parentheses indicate the total resources of the given type used by the specific entity and all of its sub-entities in the hierarchy.


+-------------------------------------------------------------------------------------------------------------------------------------------------------------+
; Analysis & Synthesis IP Cores Summary                                                                                                                       ;
+--------+--------------+---------+--------------+--------------+----------------------------+----------------------------------------------------------------+
; Vendor ; IP Core Name ; Version ; Release Date ; License Type ; Entity Instance            ; IP Include File                                                ;
+--------+--------------+---------+--------------+--------------+----------------------------+----------------------------------------------------------------+
; Altera ; LPM_COUNTER  ; 12.1    ; N/A          ; N/A          ; |Block1|lpm_counter0:inst1 ; D:/OneDrive/STUDY/code project/FPGA/led_shift/lpm_counter0.vhd ;
+--------+--------------+---------+--------------+--------------+----------------------------+----------------------------------------------------------------+


Encoding Type:  One-Hot
+----------------------------------------------------------------------------------------------------------------------------------------------------------------------------------------------------------------------------------------------------------------------------------------------------------------------------------------------------------+
; State Machine - |Block1|lcd_controler:inst|next_command                                                                                                                                                                                                                                                                                                  ;
+----------------------------+----------------------------+--------------------------+---------------------+-------------------+---------------------+-------------------------+--------------------------+--------------------+---------------------------+-----------------------+-------------------------+-----------------------+---------------------+
; Name                       ; next_command.display_clear ; next_command.display_off ; next_command.reset3 ; next_command.hold ; next_command.reset1 ; next_command.drop_lcd_e ; next_command.return_home ; next_command.line2 ; next_command.print_string ; next_command.mode_set ; next_command.display_on ; next_command.func_set ; next_command.reset2 ;
+----------------------------+----------------------------+--------------------------+---------------------+-------------------+---------------------+-------------------------+--------------------------+--------------------+---------------------------+-----------------------+-------------------------+-----------------------+---------------------+
; next_command.reset2        ; 0                          ; 0                        ; 0                   ; 0                 ; 0                   ; 0                       ; 0                        ; 0                  ; 0                         ; 0                     ; 0                       ; 0                     ; 0                   ;
; next_command.func_set      ; 0                          ; 0                        ; 0                   ; 0                 ; 0                   ; 0                       ; 0                        ; 0                  ; 0                         ; 0                     ; 0                       ; 1                     ; 1                   ;
; next_command.display_on    ; 0                          ; 0                        ; 0                   ; 0                 ; 0                   ; 0                       ; 0                        ; 0                  ; 0                         ; 0                     ; 1                       ; 0                     ; 1                   ;
; next_command.mode_set      ; 0                          ; 0                        ; 0                   ; 0                 ; 0                   ; 0                       ; 0                        ; 0                  ; 0                         ; 1                     ; 0                       ; 0                     ; 1                   ;
; next_command.print_string  ; 0                          ; 0                        ; 0                   ; 0                 ; 0                   ; 0                       ; 0                        ; 0                  ; 1                         ; 0                     ; 0                       ; 0                     ; 1                   ;
; next_command.line2         ; 0                          ; 0                        ; 0                   ; 0                 ; 0                   ; 0                       ; 0                        ; 1                  ; 0                         ; 0                     ; 0                       ; 0                     ; 1                   ;
; next_command.return_home   ; 0                          ; 0                        ; 0                   ; 0                 ; 0                   ; 0                       ; 1                        ; 0                  ; 0                         ; 0                     ; 0                       ; 0                     ; 1                   ;
; next_command.drop_lcd_e    ; 0                          ; 0                        ; 0                   ; 0                 ; 0                   ; 1                       ; 0                        ; 0                  ; 0                         ; 0                     ; 0                       ; 0                     ; 1                   ;
; next_command.reset1        ; 0                          ; 0                        ; 0                   ; 0                 ; 1                   ; 0                       ; 0                        ; 0                  ; 0                         ; 0                     ; 0                       ; 0                     ; 1                   ;
; next_command.hold          ; 0                          ; 0                        ; 0                   ; 1                 ; 0                   ; 0                       ; 0                        ; 0                  ; 0                         ; 0                     ; 0                       ; 0                     ; 1                   ;
; next_command.reset3        ; 0                          ; 0                        ; 1                   ; 0                 ; 0                   ; 0                       ; 0                        ; 0                  ; 0                         ; 0                     ; 0                       ; 0                     ; 1                   ;
; next_command.display_off   ; 0                          ; 1                        ; 0                   ; 0                 ; 0                   ; 0                       ; 0                        ; 0                  ; 0                         ; 0                     ; 0                       ; 0                     ; 1                   ;
; next_command.display_clear ; 1                          ; 0                        ; 0                   ; 0                 ; 0                   ; 0                       ; 0                        ; 0                  ; 0                         ; 0                     ; 0                       ; 0                     ; 1                   ;
+----------------------------+----------------------------+--------------------------+---------------------+-------------------+---------------------+-------------------------+--------------------------+--------------------+---------------------------+-----------------------+-------------------------+-----------------------+---------------------+


Encoding Type:  One-Hot
+--------------------------------------------------------------------------------------------------------------------------------------------------------------------------------------------------------------------------------------------------------+
; State Machine - |Block1|lcd_controler:inst|state                                                                                                                                                                                                       ;
+---------------------+---------------------+-------------------+--------------+--------------+------------+------------------+-------------------+-------------+--------------------+----------------+------------------+----------------+--------------+
; Name                ; state.display_clear ; state.display_off ; state.reset3 ; state.reset2 ; state.hold ; state.drop_lcd_e ; state.return_home ; state.line2 ; state.print_string ; state.mode_set ; state.display_on ; state.func_set ; state.reset1 ;
+---------------------+---------------------+-------------------+--------------+--------------+------------+------------------+-------------------+-------------+--------------------+----------------+------------------+----------------+--------------+
; state.reset1        ; 0                   ; 0                 ; 0            ; 0            ; 0          ; 0                ; 0                 ; 0           ; 0                  ; 0              ; 0                ; 0              ; 0            ;
; state.func_set      ; 0                   ; 0                 ; 0            ; 0            ; 0          ; 0                ; 0                 ; 0           ; 0                  ; 0              ; 0                ; 1              ; 1            ;
; state.display_on    ; 0                   ; 0                 ; 0            ; 0            ; 0          ; 0                ; 0                 ; 0           ; 0                  ; 0              ; 1                ; 0              ; 1            ;
; state.mode_set      ; 0                   ; 0                 ; 0            ; 0            ; 0          ; 0                ; 0                 ; 0           ; 0                  ; 1              ; 0                ; 0              ; 1            ;
; state.print_string  ; 0                   ; 0                 ; 0            ; 0            ; 0          ; 0                ; 0                 ; 0           ; 1                  ; 0              ; 0                ; 0              ; 1            ;
; state.line2         ; 0                   ; 0                 ; 0            ; 0            ; 0          ; 0                ; 0                 ; 1           ; 0                  ; 0              ; 0                ; 0              ; 1            ;
; state.return_home   ; 0                   ; 0                 ; 0            ; 0            ; 0          ; 0                ; 1                 ; 0           ; 0                  ; 0              ; 0                ; 0              ; 1            ;
; state.drop_lcd_e    ; 0                   ; 0                 ; 0            ; 0            ; 0          ; 1                ; 0                 ; 0           ; 0                  ; 0              ; 0                ; 0              ; 1            ;
; state.hold          ; 0                   ; 0                 ; 0            ; 0            ; 1          ; 0                ; 0                 ; 0           ; 0                  ; 0              ; 0                ; 0              ; 1            ;
; state.reset2        ; 0                   ; 0                 ; 0            ; 1            ; 0          ; 0                ; 0                 ; 0           ; 0                  ; 0              ; 0                ; 0              ; 1            ;
; state.reset3        ; 0                   ; 0                 ; 1            ; 0            ; 0          ; 0                ; 0                 ; 0           ; 0                  ; 0              ; 0                ; 0              ; 1            ;
; state.display_off   ; 0                   ; 1                 ; 0            ; 0            ; 0          ; 0                ; 0                 ; 0           ; 0                  ; 0              ; 0                ; 0              ; 1            ;
; state.display_clear ; 1                   ; 0                 ; 0            ; 0            ; 0          ; 0                ; 0                 ; 0           ; 0                  ; 0              ; 0                ; 0              ; 1            ;
+---------------------+---------------------+-------------------+--------------+--------------+------------+------------------+-------------------+-------------+--------------------+----------------+------------------+----------------+--------------+


+-----------------------------------------------------------------------------------------------------+
; Registers Removed During Synthesis                                                                  ;
+--------------------------------------------+--------------------------------------------------------+
; Register name                              ; Reason for Removal                                     ;
+--------------------------------------------+--------------------------------------------------------+
; lcd_controler:inst|LCD_ON                  ; Stuck at VCC due to stuck port data_in                 ;
; lcd_controler:inst|lcd_rw_int              ; Stuck at GND due to stuck port data_in                 ;
; lcd_controler:inst|LCD_BLON                ; Stuck at VCC due to stuck port data_in                 ;
; lcd_controler:inst|next_command.hold       ; Merged with lcd_controler:inst|next_command.drop_lcd_e ;
; lcd_controler:inst|next_command.reset1     ; Merged with lcd_controler:inst|next_command.drop_lcd_e ;
; lcd_controler:inst|next_command.drop_lcd_e ; Stuck at GND due to stuck port data_in                 ;
; Total Number of Removed Registers = 6      ;                                                        ;
+--------------------------------------------+--------------------------------------------------------+


+------------------------------------------------------+
; General Register Statistics                          ;
+----------------------------------------------+-------+
; Statistic                                    ; Value ;
+----------------------------------------------+-------+
; Total registers                              ; 91    ;
; Number of registers using Synchronous Clear  ; 20    ;
; Number of registers using Synchronous Load   ; 31    ;
; Number of registers using Asynchronous Clear ; 33    ;
; Number of registers using Asynchronous Load  ; 0     ;
; Number of registers using Clock Enable       ; 37    ;
; Number of registers using Preset             ; 0     ;
+----------------------------------------------+-------+


+--------------------------------------------------+
; Inverted Register Statistics                     ;
+----------------------------------------+---------+
; Inverted Register                      ; Fan out ;
+----------------------------------------+---------+
; lcd_controler:inst|LCD_E               ; 2       ;
; lcd_controler:inst|data_bus_value[3]   ; 2       ;
; lcd_controler:inst|data_bus_value[4]   ; 1       ;
; lcd_controler:inst|data_bus_value[5]   ; 1       ;
; Total number of inverted registers = 4 ;         ;
+----------------------------------------+---------+


+-------------------------------------------------------------------------------------------------------------------------------------------------------------+
; Multiplexer Restructuring Statistics (Restructuring Performed)                                                                                              ;
+--------------------+-----------+---------------+----------------------+------------------------+------------+-----------------------------------------------+
; Multiplexer Inputs ; Bus Width ; Baseline Area ; Area if Restructured ; Saving if Restructured ; Registered ; Example Multiplexer Output                    ;
+--------------------+-----------+---------------+----------------------+------------------------+------------+-----------------------------------------------+
; 3:1                ; 20 bits   ; 40 LEs        ; 20 LEs               ; 20 LEs                 ; Yes        ; |Block1|lcd_controler:inst|clk_count_400hz[9] ;
; 5:1                ; 2 bits    ; 6 LEs         ; 6 LEs                ; 0 LEs                  ; Yes        ; |Block1|lcd_controler:inst|data_bus_value[5]  ;
; 3:1                ; 11 bits   ; 22 LEs        ; 22 LEs               ; 0 LEs                  ; No         ; |Block1|lcd_controler:inst|state              ;
; 3:1                ; 3 bits    ; 6 LEs         ; 3 LEs                ; 3 LEs                  ; No         ; |Block1|lcd_controler:inst|next_command       ;
; 4:1                ; 3 bits    ; 6 LEs         ; 6 LEs                ; 0 LEs                  ; No         ; |Block1|lcd_controler:inst|Mux23              ;
; 3:1                ; 2 bits    ; 4 LEs         ; 4 LEs                ; 0 LEs                  ; No         ; |Block1|D2B_5bit:inst13|S1[0]                 ;
; 4:1                ; 2 bits    ; 4 LEs         ; 4 LEs                ; 0 LEs                  ; No         ; |Block1|D2B_5bit:inst13|S2[2]                 ;
; 34:1               ; 2 bits    ; 44 LEs        ; 28 LEs               ; 16 LEs                 ; No         ; |Block1|lcd_controler:inst|Mux26              ;
+--------------------+-----------+---------------+----------------------+------------------------+------------+-----------------------------------------------+


+---------------------------------------------------------------------+
; Parameter Settings for User Entity Instance: case_display_top:inst2 ;
+----------------+-------+--------------------------------------------+
; Parameter Name ; Value ; Type                                       ;
+----------------+-------+--------------------------------------------+
; clk_bit        ; 4     ; Signed Integer                             ;
+----------------+-------+--------------------------------------------+
Note: In order to hide this table in the UI and the text report file, please set the "Show Parameter Settings in Synthesis Report" option in "Analysis and Synthesis Settings -> More Settings" to "Off".


+---------------------------------------------------------------------------------------------------+
; Parameter Settings for User Entity Instance: lpm_counter0:inst1|lpm_counter:LPM_COUNTER_component ;
+------------------------+---------------+----------------------------------------------------------+
; Parameter Name         ; Value         ; Type                                                     ;
+------------------------+---------------+----------------------------------------------------------+
; AUTO_CARRY_CHAINS      ; ON            ; AUTO_CARRY                                               ;
; IGNORE_CARRY_BUFFERS   ; OFF           ; IGNORE_CARRY                                             ;
; AUTO_CASCADE_CHAINS    ; ON            ; AUTO_CASCADE                                             ;
; IGNORE_CASCADE_BUFFERS ; OFF           ; IGNORE_CASCADE                                           ;
; LPM_WIDTH              ; 26            ; Signed Integer                                           ;
; LPM_DIRECTION          ; UP            ; Untyped                                                  ;
; LPM_MODULUS            ; 40000000      ; Signed Integer                                           ;
; LPM_AVALUE             ; UNUSED        ; Untyped                                                  ;
; LPM_SVALUE             ; UNUSED        ; Untyped                                                  ;
; LPM_PORT_UPDOWN        ; PORT_UNUSED   ; Untyped                                                  ;
; DEVICE_FAMILY          ; Cyclone IV GX ; Untyped                                                  ;
; CARRY_CHAIN            ; MANUAL        ; Untyped                                                  ;
; CARRY_CHAIN_LENGTH     ; 48            ; CARRY_CHAIN_LENGTH                                       ;
; NOT_GATE_PUSH_BACK     ; ON            ; NOT_GATE_PUSH_BACK                                       ;
; CARRY_CNT_EN           ; SMART         ; Untyped                                                  ;
; LABWIDE_SCLR           ; ON            ; Untyped                                                  ;
; USE_NEW_VERSION        ; TRUE          ; Untyped                                                  ;
; CBXI_PARAMETER         ; cntr_ajj      ; Untyped                                                  ;
+------------------------+---------------+----------------------------------------------------------+
Note: In order to hide this table in the UI and the text report file, please set the "Show Parameter Settings in Synthesis Report" option in "Analysis and Synthesis Settings -> More Settings" to "Off".


+-----------------------------------------------------------------+
; Parameter Settings for User Entity Instance: lcd_controler:inst ;
+----------------+-------+----------------------------------------+
; Parameter Name ; Value ; Type                                   ;
+----------------+-------+----------------------------------------+
; num_hex_digits ; 2     ; Signed Integer                         ;
+----------------+-------+----------------------------------------+
Note: In order to hide this table in the UI and the text report file, please set the "Show Parameter Settings in Synthesis Report" option in "Analysis and Synthesis Settings -> More Settings" to "Off".


+------------------------------------------------------------+
; Port Connectivity Checks: "adder_4bit:inst4|full_adder:U1" ;
+------+-------+----------+----------------------------------+
; Port ; Type  ; Severity ; Details                          ;
+------+-------+----------+----------------------------------+
; ci   ; Input ; Info     ; Stuck at GND                     ;
+------+-------+----------+----------------------------------+


+-------------------------------+
; Elapsed Time Per Partition    ;
+----------------+--------------+
; Partition Name ; Elapsed Time ;
+----------------+--------------+
; Top            ; 00:00:02     ;
+----------------+--------------+


+-------------------------------+
; Analysis & Synthesis Messages ;
+-------------------------------+
Info: *******************************************************************
Info: Running Quartus II 64-Bit Analysis & Synthesis
    Info: Version 12.1 Build 177 11/07/2012 SJ Web Edition
    Info: Processing started: Wed Nov 04 05:59:57 2015
Info: Command: quartus_map --read_settings_files=on --write_settings_files=off led_shift -c led_shift
Info (11104): Parallel Compilation has detected 4 hyper-threaded processors. However, the extra hyper-threaded processors will not be used by default. Parallel Compilation will use 2 of the 2 physical processors detected instead.
Info (12021): Found 2 design units, including 1 entities, in source file decoder.vhd
    Info (12022): Found design unit 1: decoder7seg-decod_arch
    Info (12023): Found entity 1: decoder7seg
Info (12021): Found 2 design units, including 1 entities, in source file led_shift.vhd
    Info (12022): Found design unit 1: case_display_top-display_arch
    Info (12023): Found entity 1: case_display_top
Info (12021): Found 2 design units, including 1 entities, in source file lpm_counter0.vhd
    Info (12022): Found design unit 1: lpm_counter0-SYN
    Info (12023): Found entity 1: lpm_counter0
Info (12021): Found 1 design units, including 1 entities, in source file block1.bdf
    Info (12023): Found entity 1: Block1
Info (12021): Found 2 design units, including 1 entities, in source file output_files/lcd_controler.vhd
    Info (12022): Found design unit 1: lcd_controler-lcd_arch
    Info (12023): Found entity 1: lcd_controler
Info (12021): Found 2 design units, including 1 entities, in source file half_adder.vhd
    Info (12022): Found design unit 1: half_adder-half_adder_arch
    Info (12023): Found entity 1: half_adder
Info (12021): Found 2 design units, including 1 entities, in source file full_adder.vhd
    Info (12022): Found design unit 1: full_adder-full_adder_arch
    Info (12023): Found entity 1: full_adder
Info (12021): Found 2 design units, including 1 entities, in source file adder_4bit.vhd
    Info (12022): Found design unit 1: adder_4bit-adder_arch
    Info (12023): Found entity 1: adder_4bit
Info (12021): Found 2 design units, including 1 entities, in source file d2b_5bit.vhd
    Info (12022): Found design unit 1: D2B_5bit-D2B_5bit_arch
    Info (12023): Found entity 1: D2B_5bit
Info (12127): Elaborating entity "Block1" for the top level hierarchy
Warning (275083): Bus "S1[3..0]" found using same base name as "S", which might lead to a name conflict.
Warning (275083): Bus "S2[3..0]" found using same base name as "S", which might lead to a name conflict.
Warning (275083): Bus "S1[3..0]" found using same base name as "S", which might lead to a name conflict.
Warning (275083): Bus "S2[3..0]" found using same base name as "S", which might lead to a name conflict.
Warning (275083): Bus "A2[3..0]" found using same base name as "A2", which might lead to a name conflict.
Warning (275083): Bus "A1[3..0]" found using same base name as "A1", which might lead to a name conflict.
Warning (275083): Bus "B1[3..0]" found using same base name as "B1", which might lead to a name conflict.
Warning (275083): Bus "B2[3..0]" found using same base name as "B2", which might lead to a name conflict.
Warning (275083): Bus "A1[3..0]" found using same base name as "A1", which might lead to a name conflict.
Warning (275083): Bus "A2[3..0]" found using same base name as "A2", which might lead to a name conflict.
Warning (275083): Bus "B1[3..0]" found using same base name as "B1", which might lead to a name conflict.
Warning (275083): Bus "B2[3..0]" found using same base name as "B2", which might lead to a name conflict.
Warning (275083): Bus "A1[3..0]" found using same base name as "A1", which might lead to a name conflict.
Warning (275083): Bus "A2[3..0]" found using same base name as "A2", which might lead to a name conflict.
Warning (275083): Bus "B1[3..0]" found using same base name as "B1", which might lead to a name conflict.
Warning (275083): Bus "B2[3..0]" found using same base name as "B2", which might lead to a name conflict.
Warning (275083): Bus "S1[3..0]" found using same base name as "S", which might lead to a name conflict.
Warning (275083): Bus "S2[3..0]" found using same base name as "S", which might lead to a name conflict.
Warning (275085): Found inconsistent dimensions for element "A2"
Warning (275085): Found inconsistent dimensions for element "A1"
Warning (275085): Found inconsistent dimensions for element "B2"
Warning (275085): Found inconsistent dimensions for element "B1"
Warning (275080): Converted elements in bus name "A" using legacy naming rules. Make any assignments on the new names, not on the original names.
    Warning (275081): Converted element name(s) from "A[3..0]" to "A3..0"
    Warning (275081): Converted element name(s) from "A[3..0]" to "A3..0"
    Warning (275081): Converted element name(s) from "A[3]" to "A3"
    Warning (275081): Converted element name(s) from "A[2]" to "A2"
    Warning (275081): Converted element name(s) from "A[1]" to "A1"
    Warning (275081): Converted element name(s) from "A[0]" to "A0"
Warning (275080): Converted elements in bus name "A1" using legacy naming rules. Make any assignments on the new names, not on the original names.
    Warning (275081): Converted element name(s) from "A1[3..0]" to "A13..0"
    Warning (275081): Converted element name(s) from "A1[3..0]" to "A13..0"
    Warning (275081): Converted element name(s) from "A1[3..0]" to "A13..0"
Warning (275080): Converted elements in bus name "A2" using legacy naming rules. Make any assignments on the new names, not on the original names.
    Warning (275081): Converted element name(s) from "A2[3..0]" to "A23..0"
    Warning (275081): Converted element name(s) from "A2[3..0]" to "A23..0"
    Warning (275081): Converted element name(s) from "A2[3..0]" to "A23..0"
Warning (275080): Converted elements in bus name "B" using legacy naming rules. Make any assignments on the new names, not on the original names.
    Warning (275081): Converted element name(s) from "B[3..0]" to "B3..0"
    Warning (275081): Converted element name(s) from "B[3..0]" to "B3..0"
    Warning (275081): Converted element name(s) from "B[3]" to "B3"
    Warning (275081): Converted element name(s) from "B[2]" to "B2"
    Warning (275081): Converted element name(s) from "B[1]" to "B1"
    Warning (275081): Converted element name(s) from "B[0]" to "B0"
Warning (275080): Converted elements in bus name "B1" using legacy naming rules. Make any assignments on the new names, not on the original names.
    Warning (275081): Converted element name(s) from "B1[3..0]" to "B13..0"
    Warning (275081): Converted element name(s) from "B1[3..0]" to "B13..0"
    Warning (275081): Converted element name(s) from "B1[3..0]" to "B13..0"
Warning (275080): Converted elements in bus name "B2" using legacy naming rules. Make any assignments on the new names, not on the original names.
    Warning (275081): Converted element name(s) from "B2[3..0]" to "B23..0"
    Warning (275081): Converted element name(s) from "B2[3..0]" to "B23..0"
    Warning (275081): Converted element name(s) from "B2[3..0]" to "B23..0"
Warning (275080): Converted elements in bus name "led" using legacy naming rules. Make any assignments on the new names, not on the original names.
    Warning (275081): Converted element name(s) from "led[7]" to "led7"
    Warning (275081): Converted element name(s) from "led[6]" to "led6"
    Warning (275081): Converted element name(s) from "led[5]" to "led5"
    Warning (275081): Converted element name(s) from "led[4]" to "led4"
    Warning (275081): Converted element name(s) from "led[3]" to "led3"
    Warning (275081): Converted element name(s) from "led[2]" to "led2"
    Warning (275081): Converted element name(s) from "led[1]" to "led1"
    Warning (275081): Converted element name(s) from "led[0]" to "led0"
    Warning (275081): Converted element name(s) from "led[17..0]" to "led17..0"
    Warning (275081): Converted element name(s) from "led[17]" to "led17"
    Warning (275081): Converted element name(s) from "led[8]" to "led8"
    Warning (275081): Converted element name(s) from "led[9]" to "led9"
    Warning (275081): Converted element name(s) from "led[10]" to "led10"
    Warning (275081): Converted element name(s) from "led[11]" to "led11"
    Warning (275081): Converted element name(s) from "led[12]" to "led12"
    Warning (275081): Converted element name(s) from "led[13]" to "led13"
    Warning (275081): Converted element name(s) from "led[14]" to "led14"
    Warning (275081): Converted element name(s) from "led[15]" to "led15"
    Warning (275081): Converted element name(s) from "led[16]" to "led16"
Warning (275080): Converted elements in bus name "S" using legacy naming rules. Make any assignments on the new names, not on the original names.
    Warning (275081): Converted element name(s) from "S[4..0]" to "S4..0"
    Warning (275081): Converted element name(s) from "S[4..0]" to "S4..0"
Warning (275080): Converted elements in bus name "S1" using legacy naming rules. Make any assignments on the new names, not on the original names.
    Warning (275081): Converted element name(s) from "S1[3..0]" to "S13..0"
    Warning (275081): Converted element name(s) from "S1[3..0]" to "S13..0"
    Warning (275081): Converted element name(s) from "S1[3..0]" to "S13..0"
Warning (275080): Converted elements in bus name "S2" using legacy naming rules. Make any assignments on the new names, not on the original names.
    Warning (275081): Converted element name(s) from "S2[3..0]" to "S23..0"
    Warning (275081): Converted element name(s) from "S2[3..0]" to "S23..0"
    Warning (275081): Converted element name(s) from "S2[3..0]" to "S23..0"
Info (12128): Elaborating entity "case_display_top" for hierarchy "case_display_top:inst2"
Info (12128): Elaborating entity "lpm_counter0" for hierarchy "lpm_counter0:inst1"
Info (12128): Elaborating entity "lpm_counter" for hierarchy "lpm_counter0:inst1|lpm_counter:LPM_COUNTER_component"
Info (12130): Elaborated megafunction instantiation "lpm_counter0:inst1|lpm_counter:LPM_COUNTER_component"
Info (12133): Instantiated megafunction "lpm_counter0:inst1|lpm_counter:LPM_COUNTER_component" with the following parameter:
    Info (12134): Parameter "lpm_direction" = "UP"
    Info (12134): Parameter "lpm_modulus" = "40000000"
    Info (12134): Parameter "lpm_port_updown" = "PORT_UNUSED"
    Info (12134): Parameter "lpm_type" = "LPM_COUNTER"
    Info (12134): Parameter "lpm_width" = "26"
Info (12021): Found 1 design units, including 1 entities, in source file db/cntr_ajj.tdf
    Info (12023): Found entity 1: cntr_ajj
Info (12128): Elaborating entity "cntr_ajj" for hierarchy "lpm_counter0:inst1|lpm_counter:LPM_COUNTER_component|cntr_ajj:auto_generated"
Info (12021): Found 1 design units, including 1 entities, in source file db/cmpr_8mc.tdf
    Info (12023): Found entity 1: cmpr_8mc
Info (12128): Elaborating entity "cmpr_8mc" for hierarchy "lpm_counter0:inst1|lpm_counter:LPM_COUNTER_component|cntr_ajj:auto_generated|cmpr_8mc:cmpr1"
Info (12128): Elaborating entity "decoder7seg" for hierarchy "decoder7seg:inst6"
Info (12128): Elaborating entity "D2B_5bit" for hierarchy "D2B_5bit:inst13"
Info (12128): Elaborating entity "adder_4bit" for hierarchy "adder_4bit:inst4"
Info (12128): Elaborating entity "full_adder" for hierarchy "adder_4bit:inst4|full_adder:U1"
Info (12128): Elaborating entity "half_adder" for hierarchy "adder_4bit:inst4|full_adder:U1|half_adder:U1"
Info (12128): Elaborating entity "lcd_controler" for hierarchy "lcd_controler:inst"
Warning (10492): VHDL Process Statement warning at lcd_controler.vhd(177): signal "lcd_display_string_01" is read inside the Process Statement but isn't in the Process Statement's sensitivity list
Warning (10492): VHDL Process Statement warning at lcd_controler.vhd(177): signal "char_count" is read inside the Process Statement but isn't in the Process Statement's sensitivity list
Warning (10492): VHDL Process Statement warning at lcd_controler.vhd(180): signal "lcd_display_string_02" is read inside the Process Statement but isn't in the Process Statement's sensitivity list
Warning (10492): VHDL Process Statement warning at lcd_controler.vhd(180): signal "char_count" is read inside the Process Statement but isn't in the Process Statement's sensitivity list
Warning (10492): VHDL Process Statement warning at lcd_controler.vhd(183): signal "lcd_display_string_03" is read inside the Process Statement but isn't in the Process Statement's sensitivity list
Warning (10492): VHDL Process Statement warning at lcd_controler.vhd(183): signal "char_count" is read inside the Process Statement but isn't in the Process Statement's sensitivity list
Warning (13044): Always-enabled tri-state buffer(s) removed
    Warning (13045): Converted the fanout from the always-enabled tri-state buffer "lcd_controler:inst|data_bus[0]" to the node "D0" into a wire
    Warning (13045): Converted the fanout from the always-enabled tri-state buffer "lcd_controler:inst|data_bus[1]" to the node "D1" into a wire
    Warning (13045): Converted the fanout from the always-enabled tri-state buffer "lcd_controler:inst|data_bus[2]" to the node "D2" into a wire
    Warning (13045): Converted the fanout from the always-enabled tri-state buffer "lcd_controler:inst|data_bus[3]" to the node "D3" into a wire
    Warning (13045): Converted the fanout from the always-enabled tri-state buffer "lcd_controler:inst|data_bus[4]" to the node "D4" into a wire
    Warning (13045): Converted the fanout from the always-enabled tri-state buffer "lcd_controler:inst|data_bus[5]" to the node "D5" into a wire
    Warning (13045): Converted the fanout from the always-enabled tri-state buffer "lcd_controler:inst|data_bus[6]" to the node "D6" into a wire
    Warning (13045): Converted the fanout from the always-enabled tri-state buffer "lcd_controler:inst|data_bus[7]" to the node "D7" into a wire
Info (13000): Registers with preset signals will power-up high
Info (13003): DEV_CLRn pin will set, and not reset, register with preset signal due to NOT Gate Push-Back
Warning (13024): Output pins are stuck at VCC or GND
    Warning (13410): Pin "S1b" is stuck at GND
    Warning (13410): Pin "A1b" is stuck at GND
    Warning (13410): Pin "A1c" is stuck at GND
    Warning (13410): Pin "A1g" is stuck at VCC
    Warning (13410): Pin "B1b" is stuck at GND
    Warning (13410): Pin "B1c" is stuck at GND
    Warning (13410): Pin "B1g" is stuck at VCC
    Warning (13410): Pin "blon" is stuck at VCC
    Warning (13410): Pin "on" is stuck at VCC
    Warning (13410): Pin "rw" is stuck at GND
Info (286030): Timing-Driven Synthesis is running
Info (16010): Generating hard_block partition "hard_block:auto_generated_inst"
    Info (16011): Adding 0 node(s), including 0 DDIO, 0 PLL, 0 transceiver and 0 LCELL
Info (21057): Implemented 428 device resources after synthesis - the final resource count might be different
    Info (21058): Implemented 13 input pins
    Info (21059): Implemented 73 output pins
    Info (21061): Implemented 342 logic cells
Info: Quartus II 64-Bit Analysis & Synthesis was successful. 0 errors, 109 warnings
    Info: Peak virtual memory: 591 megabytes
    Info: Processing ended: Wed Nov 04 06:00:02 2015
    Info: Elapsed time: 00:00:05
    Info: Total CPU time (on all processors): 00:00:05


