------------------------------------------------------------
TimeQuest Timing Analyzer Summary
------------------------------------------------------------

Type  : Slow 1200mV 85C Model Setup 'clk'
Slack : -4.361
TNS   : -109.421

Type  : Slow 1200mV 85C Model Setup 'lcd_clk'
Slack : -4.222
TNS   : -131.127

Type  : Slow 1200mV 85C Model Setup 'lpm_counter0:inst1|lpm_counter:LPM_COUNTER_component|cntr_ajj:auto_generated|counter_reg_bit[25]'
Slack : -0.884
TNS   : -3.353

Type  : Slow 1200mV 85C Model Hold 'clk'
Slack : -1.907
TNS   : -4.247

Type  : Slow 1200mV 85C Model Hold 'lcd_clk'
Slack : 0.395
TNS   : 0.000

Type  : Slow 1200mV 85C Model Hold 'lpm_counter0:inst1|lpm_counter:LPM_COUNTER_component|cntr_ajj:auto_generated|counter_reg_bit[25]'
Slack : 0.398
TNS   : 0.000

Type  : Slow 1200mV 85C Model Minimum Pulse Width 'lcd_clk'
Slack : -3.000
TNS   : -91.500

Type  : Slow 1200mV 85C Model Minimum Pulse Width 'clk'
Slack : -3.000
TNS   : -42.000

Type  : Slow 1200mV 85C Model Minimum Pulse Width 'lpm_counter0:inst1|lpm_counter:LPM_COUNTER_component|cntr_ajj:auto_generated|counter_reg_bit[25]'
Slack : -1.500
TNS   : -9.000

Type  : Slow 1200mV 0C Model Setup 'clk'
Slack : -3.993
TNS   : -100.113

Type  : Slow 1200mV 0C Model Setup 'lcd_clk'
Slack : -3.747
TNS   : -115.310

Type  : Slow 1200mV 0C Model Setup 'lpm_counter0:inst1|lpm_counter:LPM_COUNTER_component|cntr_ajj:auto_generated|counter_reg_bit[25]'
Slack : -0.696
TNS   : -2.490

Type  : Slow 1200mV 0C Model Hold 'clk'
Slack : -1.697
TNS   : -3.173

Type  : Slow 1200mV 0C Model Hold 'lcd_clk'
Slack : 0.347
TNS   : 0.000

Type  : Slow 1200mV 0C Model Hold 'lpm_counter0:inst1|lpm_counter:LPM_COUNTER_component|cntr_ajj:auto_generated|counter_reg_bit[25]'
Slack : 0.356
TNS   : 0.000

Type  : Slow 1200mV 0C Model Minimum Pulse Width 'lcd_clk'
Slack : -3.000
TNS   : -91.500

Type  : Slow 1200mV 0C Model Minimum Pulse Width 'clk'
Slack : -3.000
TNS   : -42.000

Type  : Slow 1200mV 0C Model Minimum Pulse Width 'lpm_counter0:inst1|lpm_counter:LPM_COUNTER_component|cntr_ajj:auto_generated|counter_reg_bit[25]'
Slack : -1.500
TNS   : -9.000

Type  : Fast 1200mV 0C Model Setup 'clk'
Slack : -1.644
TNS   : -40.495

Type  : Fast 1200mV 0C Model Setup 'lcd_clk'
Slack : -1.556
TNS   : -35.730

Type  : Fast 1200mV 0C Model Setup 'lpm_counter0:inst1|lpm_counter:LPM_COUNTER_component|cntr_ajj:auto_generated|counter_reg_bit[25]'
Slack : 0.090
TNS   : 0.000

Type  : Fast 1200mV 0C Model Hold 'clk'
Slack : -1.110
TNS   : -7.364

Type  : Fast 1200mV 0C Model Hold 'lcd_clk'
Slack : 0.176
TNS   : 0.000

Type  : Fast 1200mV 0C Model Hold 'lpm_counter0:inst1|lpm_counter:LPM_COUNTER_component|cntr_ajj:auto_generated|counter_reg_bit[25]'
Slack : 0.183
TNS   : 0.000

Type  : Fast 1200mV 0C Model Minimum Pulse Width 'lcd_clk'
Slack : -3.000
TNS   : -62.953

Type  : Fast 1200mV 0C Model Minimum Pulse Width 'clk'
Slack : -3.000
TNS   : -29.390

Type  : Fast 1200mV 0C Model Minimum Pulse Width 'lpm_counter0:inst1|lpm_counter:LPM_COUNTER_component|cntr_ajj:auto_generated|counter_reg_bit[25]'
Slack : -1.000
TNS   : -6.000

------------------------------------------------------------
